// Vitest Snapshot v1, https://vitest.dev/guide/snapshot.html

exports[`deraw > bayer 1`] = `
ArrayBuffer [
  8,
  -51,
  7,
  -93,
  -88,
  -30,
  -20,
  -2,
  -40,
  42,
  1,
  -80,
  -19,
  95,
  -75,
  -68,
  22,
  -27,
  -58,
  -25,
  48,
  122,
  -105,
  -110,
  -82,
  -123,
  67,
  -41,
  -127,
  -76,
  82,
  -7,
]
`;

exports[`deraw > depth 11bit 1`] = `
ArrayBuffer [
  117,
  -52,
  68,
  51,
  -49,
  119,
  121,
  29,
  32,
  9,
  29,
  -87,
  49,
  69,
  -103,
  79,
  -115,
  75,
  -96,
  -20,
  60,
  -10,
  97,
  14,
  23,
  -78,
  -53,
  9,
  21,
  43,
  -33,
  89,
]
`;

exports[`deraw > infrared 10bit 1`] = `
ArrayBuffer [
  -105,
  -1,
  -126,
  48,
  -91,
  37,
  -49,
  113,
  57,
  55,
  58,
  111,
  -76,
  -99,
  1,
  -83,
  94,
  -86,
  29,
  112,
  -28,
  22,
  -123,
  -30,
  58,
  29,
  -11,
  -83,
  57,
  103,
  87,
  -38,
]
`;

exports[`deraw > yuv 1`] = `
ArrayBuffer [
  -123,
  -77,
  -68,
  -33,
  -81,
  121,
  -89,
  43,
  83,
  12,
  27,
  -16,
  5,
  46,
  27,
  -58,
  61,
  1,
  -86,
  -15,
  70,
  88,
  84,
  64,
  14,
  -75,
  53,
  59,
  -1,
  -28,
  -64,
  54,
]
`;
